------------------------------------------------------------
Timing Analyzer Summary
------------------------------------------------------------

Type  : Slow 1100mV 85C Model Setup 'clkFPGA'
Slack : -10.076
TNS   : -2117.096

Type  : Slow 1100mV 85C Model Setup 'color|vgaclock|video_pll_0|video_pll|altera_pll_i|general[1].gpll~PLL_OUTPUT_COUNTER|divclk'
Slack : -6.240
TNS   : -6.240

Type  : Slow 1100mV 85C Model Setup 'clk'
Slack : -5.020
TNS   : -453.788

Type  : Slow 1100mV 85C Model Hold 'clk'
Slack : 0.227
TNS   : 0.000

Type  : Slow 1100mV 85C Model Hold 'color|vgaclock|video_pll_0|video_pll|altera_pll_i|general[1].gpll~PLL_OUTPUT_COUNTER|divclk'
Slack : 0.507
TNS   : 0.000

Type  : Slow 1100mV 85C Model Hold 'clkFPGA'
Slack : 1.544
TNS   : 0.000

Type  : Slow 1100mV 85C Model Minimum Pulse Width 'clk'
Slack : -0.394
TNS   : -87.669

Type  : Slow 1100mV 85C Model Minimum Pulse Width 'color|vgaclock|video_pll_0|video_pll|altera_pll_i|general[0].gpll~FRACTIONAL_PLL|vcoph[0]'
Slack : 1.500
TNS   : 0.000

Type  : Slow 1100mV 85C Model Minimum Pulse Width 'color|vgaclock|video_pll_0|video_pll|altera_pll_i|general[1].gpll~PLL_OUTPUT_COUNTER|divclk'
Slack : 5.307
TNS   : 0.000

Type  : Slow 1100mV 85C Model Minimum Pulse Width 'clkFPGA'
Slack : 9.389
TNS   : 0.000

Type  : Slow 1100mV 0C Model Setup 'clkFPGA'
Slack : -9.768
TNS   : -2030.848

Type  : Slow 1100mV 0C Model Setup 'color|vgaclock|video_pll_0|video_pll|altera_pll_i|general[1].gpll~PLL_OUTPUT_COUNTER|divclk'
Slack : -6.154
TNS   : -6.154

Type  : Slow 1100mV 0C Model Setup 'clk'
Slack : -4.885
TNS   : -448.030

Type  : Slow 1100mV 0C Model Hold 'clk'
Slack : 0.217
TNS   : 0.000

Type  : Slow 1100mV 0C Model Hold 'color|vgaclock|video_pll_0|video_pll|altera_pll_i|general[1].gpll~PLL_OUTPUT_COUNTER|divclk'
Slack : 0.495
TNS   : 0.000

Type  : Slow 1100mV 0C Model Hold 'clkFPGA'
Slack : 1.389
TNS   : 0.000

Type  : Slow 1100mV 0C Model Minimum Pulse Width 'clk'
Slack : -0.394
TNS   : -81.667

Type  : Slow 1100mV 0C Model Minimum Pulse Width 'color|vgaclock|video_pll_0|video_pll|altera_pll_i|general[0].gpll~FRACTIONAL_PLL|vcoph[0]'
Slack : 1.500
TNS   : 0.000

Type  : Slow 1100mV 0C Model Minimum Pulse Width 'color|vgaclock|video_pll_0|video_pll|altera_pll_i|general[1].gpll~PLL_OUTPUT_COUNTER|divclk'
Slack : 5.258
TNS   : 0.000

Type  : Slow 1100mV 0C Model Minimum Pulse Width 'clkFPGA'
Slack : 9.309
TNS   : 0.000

Type  : Fast 1100mV 85C Model Setup 'clkFPGA'
Slack : -5.351
TNS   : -1104.296

Type  : Fast 1100mV 85C Model Setup 'clk'
Slack : -2.672
TNS   : -219.696

Type  : Fast 1100mV 85C Model Setup 'color|vgaclock|video_pll_0|video_pll|altera_pll_i|general[1].gpll~PLL_OUTPUT_COUNTER|divclk'
Slack : -1.992
TNS   : -1.992

Type  : Fast 1100mV 85C Model Hold 'clk'
Slack : 0.132
TNS   : 0.000

Type  : Fast 1100mV 85C Model Hold 'color|vgaclock|video_pll_0|video_pll|altera_pll_i|general[1].gpll~PLL_OUTPUT_COUNTER|divclk'
Slack : 0.269
TNS   : 0.000

Type  : Fast 1100mV 85C Model Hold 'clkFPGA'
Slack : 0.820
TNS   : 0.000

Type  : Fast 1100mV 85C Model Minimum Pulse Width 'clk'
Slack : -0.344
TNS   : -42.584

Type  : Fast 1100mV 85C Model Minimum Pulse Width 'color|vgaclock|video_pll_0|video_pll|altera_pll_i|general[0].gpll~FRACTIONAL_PLL|vcoph[0]'
Slack : 1.500
TNS   : 0.000

Type  : Fast 1100mV 85C Model Minimum Pulse Width 'color|vgaclock|video_pll_0|video_pll|altera_pll_i|general[1].gpll~PLL_OUTPUT_COUNTER|divclk'
Slack : 5.557
TNS   : 0.000

Type  : Fast 1100mV 85C Model Minimum Pulse Width 'clkFPGA'
Slack : 9.415
TNS   : 0.000

Type  : Fast 1100mV 0C Model Setup 'clkFPGA'
Slack : -4.913
TNS   : -1013.808

Type  : Fast 1100mV 0C Model Setup 'clk'
Slack : -2.352
TNS   : -189.895

Type  : Fast 1100mV 0C Model Setup 'color|vgaclock|video_pll_0|video_pll|altera_pll_i|general[1].gpll~PLL_OUTPUT_COUNTER|divclk'
Slack : -1.478
TNS   : -1.478

Type  : Fast 1100mV 0C Model Hold 'clk'
Slack : 0.122
TNS   : 0.000

Type  : Fast 1100mV 0C Model Hold 'color|vgaclock|video_pll_0|video_pll|altera_pll_i|general[1].gpll~PLL_OUTPUT_COUNTER|divclk'
Slack : 0.256
TNS   : 0.000

Type  : Fast 1100mV 0C Model Hold 'clkFPGA'
Slack : 0.730
TNS   : 0.000

Type  : Fast 1100mV 0C Model Minimum Pulse Width 'clk'
Slack : -0.324
TNS   : -40.353

Type  : Fast 1100mV 0C Model Minimum Pulse Width 'color|vgaclock|video_pll_0|video_pll|altera_pll_i|general[0].gpll~FRACTIONAL_PLL|vcoph[0]'
Slack : 1.500
TNS   : 0.000

Type  : Fast 1100mV 0C Model Minimum Pulse Width 'color|vgaclock|video_pll_0|video_pll|altera_pll_i|general[1].gpll~PLL_OUTPUT_COUNTER|divclk'
Slack : 5.545
TNS   : 0.000

Type  : Fast 1100mV 0C Model Minimum Pulse Width 'clkFPGA'
Slack : 9.415
TNS   : 0.000

------------------------------------------------------------
